// Jest Snapshot v1, https://goo.gl/fbAQLP

exports[`App component should render app without error 1`] = `
<DocumentFragment>
  <div
    class="MuiBox-root css-16ci0ji"
  >
    <div
      class="MuiBox-root css-0"
    >
      <div
        class="MuiBox-root css-0"
      >
        <div
          class="MuiBox-root css-0"
        >
          <header
            class="MuiPaper-root MuiPaper-elevation MuiPaper-elevation4 MuiAppBar-root MuiAppBar-colorPrimary MuiAppBar-positionFixed mui-fixed css-11b3ww9-MuiPaper-root-MuiAppBar-root"
          >
            <div
              class="MuiToolbar-root MuiToolbar-gutters MuiToolbar-dense css-10ltm04-MuiToolbar-root"
            >
              <h6
                class="MuiTypography-root MuiTypography-h6 css-1qp5wg9-MuiTypography-root"
              >
                Course Store
              </h6>
            </div>
          </header>
        </div>
        <div
          class="MuiBox-root css-1afphko"
        >
          <div
            class="MuiBox-root css-ksvmh9"
          >
            <div
              class="MuiBox-root css-1carym4"
            >
              <div
                class="MuiPaper-root MuiPaper-elevation MuiPaper-rounded MuiPaper-elevation1 css-thsn50-MuiPaper-root"
              >
                Course filter
              </div>
            </div>
            <div
              class="MuiBox-root css-1x97c6v"
            >
              <div
                class="MuiBox-root css-19t1w01"
              >
                <span
                  class="MuiSkeleton-root MuiSkeleton-rectangular MuiSkeleton-pulse css-153n0d3-MuiSkeleton-root"
                  data-testid="course-loader"
                  style="width: 80%; height: 200px;"
                />
              </div>
              <div
                class="MuiBox-root css-1mf0mzh"
              />
            </div>
          </div>
        </div>
      </div>
    </div>
  </div>
  <div
    class="MuiBox-root css-0"
  >
    <footer
      class="MuiBox-root css-146ovje"
    >
      <div
        class="MuiBox-root css-vdfig3"
      >
        <div
          class="MuiBox-root css-0"
        >
          <p
            class="MuiTypography-root MuiTypography-body1 css-ahj2mt-MuiTypography-root"
          >
            Cours0
          </p>
        </div>
        <div
          class="MuiBox-root css-0"
        >
          <p
            class="MuiTypography-root MuiTypography-body1 css-ahj2mt-MuiTypography-root"
          >
            Â©2023 Cours0, Inc.
          </p>
        </div>
      </div>
    </footer>
  </div>
</DocumentFragment>
`;
